[seantheme.com/hud/index.html]
[backblue.gif]
[fade.gif]
[index.html]
[seantheme.com/hud/assets/css/vendor.min.css]
[seantheme.com/hud/assets/css/app.min.css]
[seantheme.com/hud/assets/plugins/jvectormap-next/jquery-jvectormap.css]
[seantheme.com/hud/email_inbox.html]
[seantheme.com/hud/pos_customer_order.html]
[seantheme.com/hud/calendar.html]
[seantheme.com/hud/helper.html]
[seantheme.com/hud/settings.html]
[seantheme.com/hud/widgets.html]
[seantheme.com/hud/assets/img/user/profile.jpg]
[seantheme.com/hud/profile.html]
[seantheme.com/hud/page_login.html]
[seantheme.com/hud/analytics.html]
[seantheme.com/hud/email_compose.html]
[seantheme.com/hud/email_detail.html]
[seantheme.com/hud/pos_kitchen_order.html]
[seantheme.com/hud/pos_counter_checkout.html]
[seantheme.com/hud/pos_table_booking.html]
[seantheme.com/hud/pos_menu_stock.html]
[seantheme.com/hud/ui_bootstrap.html]
[seantheme.com/hud/ui_buttons.html]
[seantheme.com/hud/ui_card.html]
[seantheme.com/hud/ui_modal_notification.html]
[seantheme.com/hud/ui_icons.html]
[seantheme.com/hud/ui_tabs_accordions.html]
[seantheme.com/hud/ui_typography.html]
[seantheme.com/hud/form_elements.html]
[seantheme.com/hud/form_plugins.html]
[seantheme.com/hud/form_wizards.html]
[seantheme.com/hud/table_elements.html]
[seantheme.com/hud/table_plugins.html]
[seantheme.com/hud/chart_js.html]
[seantheme.com/hud/chart_apex.html]
[seantheme.com/hud/map.html]
[seantheme.com/hud/layout_starter.html]
[seantheme.com/hud/layout_fixed_footer.html]
[seantheme.com/hud/layout_full_height.html]
[seantheme.com/hud/layout_full_width.html]
[seantheme.com/hud/layout_boxed_layout.html]
[seantheme.com/hud/layout_collapsed_sidebar.html]
[seantheme.com/hud/page_scrum_board.html]
[seantheme.com/hud/page_products.html]
[seantheme.com/hud/page_product_details.html]
[seantheme.com/hud/page_orders.html]
[seantheme.com/hud/page_order_details.html]
[seantheme.com/hud/page_gallery.html]
[seantheme.com/hud/page_search_results.html]
[seantheme.com/hud/page_coming_soon.html]
[seantheme.com/hud/page_404_error.html]
[seantheme.com/hud/page_register.html]
[seantheme.com/hud/page_messenger.html]
[seantheme.com/hud/assets/img/dashboard/product-1.jpg]
[seantheme.com/hud/page_data_management.html]
[seantheme.com/hud/assets/img/dashboard/product-2.jpg]
[seantheme.com/hud/documentation/index.html]
[seantheme.com/hud/assets/img/dashboard/product-3.jpg]
[seantheme.com/hud/assets/img/dashboard/product-4.jpg]
[seantheme.com/hud/assets/img/dashboard/product-5.jpg]
[seantheme.com/hud/assets/img/cover/cover-thumb-1.jpg]
[seantheme.com/hud/assets/img/cover/cover-thumb-2.jpg]
[seantheme.com/hud/assets/img/cover/cover-thumb-3.jpg]
[seantheme.com/hud/assets/img/cover/cover-thumb-4.jpg]
[seantheme.com/hud/assets/img/cover/cover-thumb-5.jpg]
[seantheme.com/cdn-cgi/scripts/5c5dd728/cloudflare-static/email-decode.min.js]
[seantheme.com/hud/assets/js/vendor.min.js]
[seantheme.com/hud/assets/js/app.min.js]
[seantheme.com/hud/assets/plugins/jvectormap-next/jquery-jvectormap.min.js]
[seantheme.com/hud/assets/plugins/jvectormap-content/world-mill.js]
[seantheme.com/hud/assets/plugins/apexcharts/dist/apexcharts.min.js]
[seantheme.com/hud/assets/js/demo/dashboard.demo.js]
[www.google-analytics.com/analytics.js]
[seantheme.com/hud/index.html]
[seantheme.com/cdn-cgi/scripts/7d0fa10a/cloudflare-static/rocket-loader.min.js]
[seantheme.com/hud/assets/webfonts/fa-brands-400.woff2]
[seantheme.com/hud/assets/webfonts/fa-brands-400.ttf]
[seantheme.com/hud/assets/webfonts/fa-regular-400.woff2]
[seantheme.com/hud/assets/webfonts/fa-regular-400.ttf]
[seantheme.com/hud/assets/webfonts/fa-solid-900.woff2]
[seantheme.com/hud/assets/webfonts/fa-solid-900.ttf]
[seantheme.com/hud/assets/webfonts/fa-v4compatibility.woff2]
[seantheme.com/hud/assets/webfonts/fa-v4compatibility.ttf]
[seantheme.com/hud/assets/css/fonts/bootstrap-iconsbf04.woff2]
[seantheme.com/hud/assets/css/fonts/bootstrap-iconsbf04.woff]
[seantheme.com/hud/assets/css/vendor.min.css]
[seantheme.com/hud/assets/css/images/cover-2.jpg]
[seantheme.com/hud/assets/css/images/cover-3.jpg]
[seantheme.com/hud/assets/css/images/cover-4.jpg]
[seantheme.com/hud/assets/css/images/cover-5.jpg]
[seantheme.com/hud/assets/css/images/cover-6.jpg]
[seantheme.com/hud/assets/css/images/cover.jpg]
[seantheme.com/hud/assets/css/images/pattern.png]
[seantheme.com/hud/assets/css/images/logo.png]
[seantheme.com/hud/assets/css/app.min.css]
[seantheme.com/hud/assets/plugins/jvectormap-next/jquery-jvectormap.css]
[seantheme.com/hud/email_inbox.html]
[seantheme.com/assets/img/pos/product-1.jpg]
[seantheme.com/assets/img/pos/product-2.jpg]
[seantheme.com/assets/img/pos/product-3.jpg]
[seantheme.com/assets/img/pos/product-4.jpg]
[seantheme.com/assets/img/pos/product-5.jpg]
[seantheme.com/assets/img/pos/product-17.jpg]
[seantheme.com/assets/img/pos/product-6.jpg]
[seantheme.com/assets/img/pos/product-7.jpg]
[seantheme.com/assets/img/pos/product-8.jpg]
[seantheme.com/assets/img/pos/product-9.jpg]
[seantheme.com/assets/img/pos/product-10.jpg]
[seantheme.com/assets/img/pos/product-11.jpg]
[seantheme.com/assets/img/pos/product-12.jpg]
[seantheme.com/assets/img/pos/product-13.jpg]
[seantheme.com/assets/img/pos/product-15.jpg]
[seantheme.com/assets/img/pos/product-14.jpg]
[seantheme.com/assets/img/pos/product-16.jpg]
[seantheme.com/assets/js/demo/pos-customer-order.demo.js]
[seantheme.com/hud/pos_customer_order.html]
[seantheme.com/hud/assets/plugins/@fullcalendar/common/main.min.css]
[seantheme.com/hud/assets/plugins/@fullcalendar/daygrid/main.min.css]
[seantheme.com/hud/assets/plugins/@fullcalendar/timegrid/main.min.css]
[seantheme.com/hud/assets/plugins/@fullcalendar/list/main.min.css]
[seantheme.com/hud/assets/plugins/@fullcalendar/bootstrap/main.min.css]
[seantheme.com/hud/assets/plugins/moment/moment.js]
[seantheme.com/hud/assets/plugins/@fullcalendar/core/main.global.js]
[seantheme.com/hud/assets/plugins/@fullcalendar/daygrid/main.global.js]
[seantheme.com/hud/assets/plugins/@fullcalendar/timegrid/main.global.js]
[seantheme.com/hud/assets/plugins/@fullcalendar/interaction/main.global.js]
[seantheme.com/hud/assets/plugins/@fullcalendar/list/main.global.js]
[seantheme.com/hud/assets/plugins/@fullcalendar/bootstrap/main.global.js]
[seantheme.com/hud/calendar.html]
[seantheme.com/hud/assets/js/demo/calendar.demo.js]
[seantheme.com/hud/assets/plugins/@highlightjs/cdn-assets/highlight.min.js]
[seantheme.com/hud/assets/js/demo/highlightjs.demo.js]
[seantheme.com/hud/helper.html]
[seantheme.com/hud/settings.html]
[seantheme.com/hud/assets/js/demo/sidebar-scrollspy.demo.js]
[seantheme.com/hud/assets/plugins/lity/dist/lity.min.css]
[seantheme.com/hud/assets/img/gallery/widget-cover-1.jpg]
[seantheme.com/hud/assets/img/user/user.jpg]
[seantheme.com/hud/assets/img/user/user-2.jpg]
[seantheme.com/hud/assets/img/user/user-1.jpg]
[seantheme.com/hud/assets/img/user/user-3.jpg]
[seantheme.com/hud/assets/img/user/user-4.jpg]
[seantheme.com/hud/assets/img/user/user-5.jpg]
[seantheme.com/hud/assets/img/user/user-6.jpg]
[seantheme.com/hud/assets/img/user/user-7.jpg]
[seantheme.com/hud/assets/img/product/product-1.jpg]
[seantheme.com/hud/assets/img/product/product-2.jpg]
[seantheme.com/hud/assets/img/product/product-3.jpg]
[seantheme.com/hud/assets/img/gallery/gallery-1.jpg]
[seantheme.com/hud/assets/img/gallery/gallery-2.jpg]
[seantheme.com/hud/assets/img/gallery/gallery-3.jpg]
[seantheme.com/hud/assets/img/gallery/gallery-4.jpg]
[seantheme.com/hud/assets/img/gallery/gallery-5.jpg]
[seantheme.com/hud/assets/img/gallery/gallery-21.jpg]
[seantheme.com/hud/assets/img/gallery/gallery-22.jpg]
[seantheme.com/hud/assets/img/gallery/gallery-23.jpg]
[seantheme.com/hud/assets/img/gallery/gallery-24.jpg]
[seantheme.com/hud/assets/img/gallery/gallery-25.jpg]
[seantheme.com/hud/assets/img/gallery/gallery-26.jpg]
[seantheme.com/hud/assets/img/gallery/gallery-27.jpg]
[seantheme.com/hud/assets/img/gallery/gallery-28.jpg]
[seantheme.com/hud/assets/img/gallery/gallery-29.jpg]
[seantheme.com/hud/assets/img/gallery/gallery-30.jpg]
[seantheme.com/hud/assets/img/gallery/gallery-31.jpg]
[seantheme.com/hud/assets/img/gallery/gallery-32.jpg]
[seantheme.com/hud/assets/img/gallery/gallery-33.jpg]
[seantheme.com/hud/assets/img/gallery/gallery-34.jpg]
[seantheme.com/hud/assets/img/gallery/gallery-35.jpg]
[seantheme.com/hud/assets/plugins/lity/dist/lity.min.js]
[seantheme.com/hud/assets/plugins/chart.js/dist/chart.umd.js]
[seantheme.com/hud/widgets.html]
[seantheme.com/hud/assets/js/demo/widgets.demo.js]
[seantheme.com/hud/assets/img/gallery/gallery-6.jpg]
[seantheme.com/hud/assets/img/gallery/gallery-7.jpg]
[seantheme.com/hud/assets/img/gallery/gallery-8.jpg]
[seantheme.com/hud/assets/img/gallery/gallery-9.jpg]
[seantheme.com/hud/assets/img/gallery/gallery-10.jpg]
[seantheme.com/hud/assets/img/user/user-8.jpg]
[seantheme.com/hud/assets/img/user/user-9.jpg]
[seantheme.com/hud/assets/img/user/user-10.jpg]
[seantheme.com/hud/assets/img/gallery/gallery-11.jpg]
[seantheme.com/hud/assets/img/gallery/gallery-12.jpg]
[seantheme.com/hud/assets/img/gallery/gallery-13.jpg]
[seantheme.com/hud/assets/img/gallery/gallery-14.jpg]
[seantheme.com/hud/assets/img/gallery/gallery-15.jpg]
[seantheme.com/hud/assets/img/gallery/gallery-16.jpg]
[seantheme.com/hud/assets/img/gallery/gallery-17.jpg]
[seantheme.com/hud/assets/img/gallery/gallery-18.jpg]
[seantheme.com/hud/assets/img/gallery/gallery-19.jpg]
[seantheme.com/hud/assets/img/gallery/gallery-20.jpg]
[img.youtube.com/vi/RQ5ljyGg-ig/mqdefault.jpg]
[img.youtube.com/vi/5lWkZ-JaEOc/mqdefault.jpg]
[img.youtube.com/vi/9ZfN87gSjvI/mqdefault.jpg]
[img.youtube.com/vi/w2H07DRv2_M/mqdefault.jpg]
[img.youtube.com/vi/PntG8KEVjR8/mqdefault.jpg]
[img.youtube.com/vi/q8kxKvSQ7MI/mqdefault.jpg]
[img.youtube.com/vi/cutu3Bw4ep4/mqdefault.jpg]
[img.youtube.com/vi/gCspUXGrraM/mqdefault.jpg]
[img.youtube.com/vi/COtpTM1MpAA/mqdefault.jpg]
[img.youtube.com/vi/8NVkGHVOazc/mqdefault.jpg]
[img.youtube.com/vi/QgQ7MWLsw1w/mqdefault.jpg]
[img.youtube.com/vi/Dmw0ucCv8aQ/mqdefault.jpg]
[img.youtube.com/vi/r1d7ST2TG2U/mqdefault.jpg]
[img.youtube.com/vi/WUR-XWBcHvs/mqdefault.jpg]
[img.youtube.com/vi/A7sQ8RWj0Cw/mqdefault.jpg]
[img.youtube.com/vi/IMN2VfiXls4/mqdefault.jpg]
[seantheme.com/hud/assets/img/gallery/news-1.jpg]
[seantheme.com/hud/assets/img/gallery/news-2.jpg]
[seantheme.com/hud/profile.html]
[seantheme.com/hud/page_login.html]
[seantheme.com/hud/assets/plugins/bootstrap-daterangepicker/daterangepicker.css]
[seantheme.com/hud/assets/plugins/masonry-layout/dist/masonry.pkgd.min.js]
[seantheme.com/hud/assets/plugins/moment/min/moment.min.js]
[seantheme.com/hud/assets/plugins/bootstrap-daterangepicker/daterangepicker.js]
[seantheme.com/hud/analytics.html]
[seantheme.com/hud/assets/js/demo/analytics.demo.js]
[seantheme.com/hud/assets/plugins/tag-it/css/jquery.tagit.css]
[seantheme.com/hud/assets/plugins/summernote/dist/summernote-lite.css]
[seantheme.com/hud/assets/plugins/jquery-migrate/dist/jquery-migrate.min.js]
[seantheme.com/hud/assets/plugins/tag-it/js/tag-it.min.js]
[seantheme.com/hud/assets/plugins/summernote/dist/summernote-lite.min.js]
[seantheme.com/hud/email_compose.html]
[seantheme.com/hud/email_detail.html]
[seantheme.com/hud/assets/js/demo/email-compose.demo.js]
[seantheme.com/assets/js/demo/pos-kitchen-order.demo.js]
[seantheme.com/hud/pos_kitchen_order.html]
[seantheme.com/assets/js/demo/pos-counter-checkout.demo.js]
[seantheme.com/hud/pos_counter_checkout.html]
[seantheme.com/assets/plugins/bootstrap-datepicker/dist/css/bootstrap-datepicker.css]
[seantheme.com/assets/plugins/bootstrap-datepicker/dist/css/bootstrap-datepicker3.css]
[seantheme.com/assets/plugins/bootstrap-datepicker/dist/js/bootstrap-datepicker.js]
[seantheme.com/assets/js/demo/pos-table-booking.demo.js]
[seantheme.com/hud/pos_table_booking.html]
[seantheme.com/assets/js/demo/pos-menu-stock.demo.js]
[seantheme.com/hud/pos_menu_stock.html]
[seantheme.com/hud/ui_bootstrap.html]
[seantheme.com/hud/ui_buttons.html]
[seantheme.com/hud/ui_card.html]
[seantheme.com/hud/ui_icons.html]
[seantheme.com/hud/ui_modal_notification.html]
[seantheme.com/hud/ui_typography.html]
[seantheme.com/hud/ui_tabs_accordions.html]
[seantheme.com/hud/form_elements.html]
[seantheme.com/hud/assets/js/demo/ui-modal-notification.demo.js]
[seantheme.com/hud/assets/plugins/bootstrap-datepicker/dist/css/bootstrap-datepicker.min.css]
[seantheme.com/hud/assets/plugins/bootstrap-timepicker/css/bootstrap-timepicker.min.css]
[seantheme.com/hud/assets/plugins/bootstrap-slider/dist/css/bootstrap-slider.min.css]
[seantheme.com/hud/assets/plugins/blueimp-file-upload/css/jquery.fileupload.css]
[seantheme.com/hud/assets/plugins/spectrum-colorpicker2/dist/spectrum.min.css]
[seantheme.com/hud/assets/plugins/select-picker/dist/picker.min.css]
[seantheme.com/hud/assets/plugins/jquery-typeahead/dist/jquery.typeahead.min.css]
[seantheme.com/hud/assets/plugins/bootstrap-datepicker/dist/js/bootstrap-datepicker.min.js]
[seantheme.com/hud/assets/plugins/bootstrap-timepicker/js/bootstrap-timepicker.min.js]
[seantheme.com/hud/assets/plugins/bootstrap-slider/dist/bootstrap-slider.min.js]
[seantheme.com/hud/assets/plugins/jquery-typeahead/dist/jquery.typeahead.min.js]
[seantheme.com/hud/assets/plugins/jquery.maskedinput/src/jquery.maskedinput.js]
[seantheme.com/hud/assets/plugins/blueimp-file-upload/js/vendor/jquery.ui.widget.js]
[seantheme.com/hud/assets/plugins/blueimp-tmpl/js/tmpl.min.js]
[seantheme.com/hud/assets/plugins/blueimp-load-image/js/load-image.all.min.js]
[seantheme.com/hud/assets/plugins/blueimp-canvas-to-blob/js/canvas-to-blob.min.js]
[seantheme.com/hud/assets/plugins/blueimp-gallery/js/jquery.blueimp-gallery.min.js]
[seantheme.com/hud/assets/plugins/blueimp-file-upload/js/jquery.iframe-transport.js]
[seantheme.com/hud/assets/plugins/blueimp-file-upload/js/jquery.fileupload.js]
[seantheme.com/hud/assets/plugins/blueimp-file-upload/js/jquery.fileupload-process.js]
[seantheme.com/hud/assets/plugins/blueimp-file-upload/js/jquery.fileupload-image.js]
[seantheme.com/hud/assets/plugins/blueimp-file-upload/js/jquery.fileupload-audio.js]
[seantheme.com/hud/assets/plugins/blueimp-file-upload/js/jquery.fileupload-video.js]
[seantheme.com/hud/assets/plugins/blueimp-file-upload/js/jquery.fileupload-validate.js]
[seantheme.com/hud/assets/plugins/blueimp-file-upload/js/jquery.fileupload-ui.js]
[seantheme.com/hud/assets/plugins/spectrum-colorpicker2/dist/spectrum.min.js]
[seantheme.com/hud/assets/plugins/select-picker/dist/picker.min.js]
[seantheme.com/hud/form_plugins.html]
[seantheme.com/hud/form_wizards.html]
[seantheme.com/hud/table_elements.html]
[seantheme.com/hud/assets/js/demo/form-plugins.demo.js]
[seantheme.com/hud/assets/plugins/datatables.net-bs5/css/dataTables.bootstrap5.min.css]
[seantheme.com/hud/assets/plugins/datatables.net-buttons-bs5/css/buttons.bootstrap5.min.css]
[seantheme.com/hud/assets/plugins/datatables.net-responsive-bs5/css/responsive.bootstrap5.min.css]
[seantheme.com/hud/assets/plugins/bootstrap-table/dist/bootstrap-table.min.css]
[seantheme.com/hud/assets/plugins/datatables.net/js/jquery.dataTables.min.js]
[seantheme.com/hud/assets/plugins/datatables.net-bs5/js/dataTables.bootstrap5.min.js]
[seantheme.com/hud/assets/plugins/datatables.net-buttons/js/dataTables.buttons.min.js]
[seantheme.com/hud/assets/plugins/datatables.net-buttons/js/buttons.colVis.min.js]
[seantheme.com/hud/assets/plugins/datatables.net-buttons/js/buttons.flash.min.js]
[seantheme.com/hud/assets/plugins/datatables.net-buttons/js/buttons.html5.min.js]
[seantheme.com/hud/assets/plugins/datatables.net-buttons/js/buttons.print.min.js]
[seantheme.com/hud/assets/plugins/datatables.net-buttons-bs5/js/buttons.bootstrap5.min.js]
[seantheme.com/hud/assets/plugins/datatables.net-responsive/js/dataTables.responsive.min.js]
[seantheme.com/hud/assets/plugins/datatables.net-responsive-bs5/js/responsive.bootstrap5.min.js]
[seantheme.com/hud/assets/plugins/bootstrap-table/dist/bootstrap-table.min.js]
[seantheme.com/hud/table_plugins.html]
[seantheme.com/hud/assets/js/demo/table-plugins.demo.js]
[seantheme.com/hud/chart_js.html]
[seantheme.com/hud/assets/js/demo/chart-js.demo.js]
[seantheme.com/hud/chart_apex.html]
[seantheme.com/hud/assets/js/demo/chart-apex.demo.js]
[seantheme.com/hud/map.html]
[seantheme.com/hud/layout_starter.html]
[seantheme.com/hud/layout_fixed_footer.html]
[seantheme.com/hud/layout_full_height.html]
[seantheme.com/hud/layout_full_width.html]
[seantheme.com/hud/layout_boxed_layout.html]
[seantheme.com/hud/layout_collapsed_sidebar.html]
[seantheme.com/hud/assets/js/demo/map.demo.js]
[seantheme.com/hud/page_scrum_board.html]
[seantheme.com/hud/assets/js/demo/page-scrum-board.demo.js]
[seantheme.com/hud/assets/img/product/product-6.jpg]
[seantheme.com/hud/assets/img/product/product-7.jpg]
[seantheme.com/hud/assets/img/product/product-8.jpg]
[seantheme.com/hud/assets/img/product/product-9.jpg]
[seantheme.com/hud/assets/img/product/product-10.jpg]
[seantheme.com/hud/assets/img/product/product-11.jpg]
[seantheme.com/hud/assets/img/product/product-12.jpg]
[seantheme.com/hud/assets/img/product/product-13.jpg]
[seantheme.com/hud/assets/img/product/product-14.jpg]
[seantheme.com/hud/assets/img/product/product-15.jpg]
[seantheme.com/hud/page_products.html]
[seantheme.com/assets/plugins/summernote/dist/summernote-lite.css]
[seantheme.com/assets/plugins/blueimp-file-upload/css/jquery.fileupload.css]
[seantheme.com/assets/plugins/tag-it/css/jquery.tagit.css]
[seantheme.com/assets/plugins/summernote/dist/summernote-lite.min.js]
[seantheme.com/assets/plugins/blueimp-file-upload/js/vendor/jquery.ui.widget.js]
[seantheme.com/assets/plugins/blueimp-tmpl/js/tmpl.min.js]
[seantheme.com/assets/plugins/blueimp-load-image/js/load-image.all.min.js]
[seantheme.com/assets/plugins/blueimp-canvas-to-blob/js/canvas-to-blob.min.js]
[seantheme.com/assets/plugins/blueimp-gallery/js/jquery.blueimp-gallery.min.js]
[seantheme.com/assets/plugins/blueimp-file-upload/js/jquery.iframe-transport.js]
[seantheme.com/assets/plugins/blueimp-file-upload/js/jquery.fileupload.js]
[seantheme.com/assets/plugins/blueimp-file-upload/js/jquery.fileupload-process.js]
[seantheme.com/assets/plugins/blueimp-file-upload/js/jquery.fileupload-image.js]
[seantheme.com/assets/plugins/blueimp-file-upload/js/jquery.fileupload-audio.js]
[seantheme.com/assets/plugins/blueimp-file-upload/js/jquery.fileupload-video.js]
[seantheme.com/assets/plugins/blueimp-file-upload/js/jquery.fileupload-validate.js]
[seantheme.com/assets/plugins/blueimp-file-upload/js/jquery.fileupload-ui.js]
[seantheme.com/assets/plugins/jquery-migrate/dist/jquery-migrate.min.js]
[seantheme.com/assets/plugins/tag-it/js/tag-it.min.js]
[seantheme.com/assets/js/demo/page-product-details.demo.js]
[seantheme.com/hud/page_product_details.html]
[seantheme.com/hud/page_orders.html]
[seantheme.com/hud/page_order_details.html]
[seantheme.com/hud/assets/plugins/photoswipe/dist/photoswipe.css]
[seantheme.com/hud/assets/img/gallery/gallery-42.jpg]
[seantheme.com/hud/assets/img/gallery/gallery-43.jpg]
[seantheme.com/hud/assets/img/gallery/gallery-44.jpg]
[seantheme.com/hud/assets/img/gallery/gallery-45.jpg]
[seantheme.com/hud/assets/img/gallery/gallery-46.jpg]
[seantheme.com/hud/assets/img/gallery/gallery-47.jpg]
[seantheme.com/hud/assets/img/gallery/gallery-48.jpg]
[seantheme.com/hud/assets/img/gallery/gallery-49.jpg]
[seantheme.com/hud/assets/img/gallery/gallery-50.jpg]
[seantheme.com/hud/assets/img/gallery/gallery-51.jpg]
[seantheme.com/hud/assets/img/gallery/gallery-52.jpg]
[seantheme.com/hud/assets/img/gallery/gallery-53.jpg]
[seantheme.com/hud/assets/img/gallery/gallery-36.jpg]
[seantheme.com/hud/assets/img/gallery/gallery-37.jpg]
[seantheme.com/hud/assets/img/gallery/gallery-38.jpg]
[seantheme.com/hud/assets/img/gallery/gallery-39.jpg]
[seantheme.com/hud/assets/img/gallery/gallery-40.jpg]
[seantheme.com/hud/assets/img/gallery/gallery-41.jpg]
[seantheme.com/hud/page_gallery.html]
[seantheme.com/hud/assets/js/demo/page-gallery.demo.js]
[seantheme.com/hud/assets/img/product/product.png]
[seantheme.com/hud/page_search_results.html]
[seantheme.com/hud/assets/plugins/kbw-countdown/dist/css/jquery.countdown.css]
[seantheme.com/hud/assets/plugins/kbw-countdown/dist/js/jquery.plugin.js]
[seantheme.com/hud/assets/plugins/kbw-countdown/dist/js/jquery.countdown.js]
[seantheme.com/hud/page_coming_soon.html]
[seantheme.com/hud/page_404_error.html]
[seantheme.com/hud/page_register.html]
[seantheme.com/hud/assets/js/demo/page-coming-soon.demo.js]
[seantheme.com/assets/img/user/user-2.jpg]
[seantheme.com/assets/img/user/user-3.jpg]
[seantheme.com/assets/img/user/user-4.jpg]
[seantheme.com/assets/img/user/user-5.jpg]
[seantheme.com/assets/img/user/user-6.jpg]
[seantheme.com/assets/img/user/user-7.jpg]
[seantheme.com/assets/img/user/user-8.jpg]
[seantheme.com/assets/img/user/user-9.jpg]
[seantheme.com/assets/img/user/user-10.jpg]
[seantheme.com/assets/img/user/user-1.jpg]
[seantheme.com/hud/page_messenger.html]
[seantheme.com/hud/assets/js/demo/page-messenger.demo.js]
[seantheme.com/hud/assets/plugins/datatables.net-fixedcolumns-bs5/css/fixedColumns.bootstrap5.min.css]
[seantheme.com/hud/assets/img/product/product-16.jpg]
[seantheme.com/hud/assets/plugins/jszip/dist/jszip.min.js]
[seantheme.com/hud/assets/plugins/pdfmake/build/pdfmake.min.js]
[seantheme.com/hud/assets/plugins/pdfmake/build/vfs_fonts.js]
[seantheme.com/hud/assets/plugins/datatables.net-fixedcolumns/js/dataTables.fixedColumns.min.js]
[seantheme.com/hud/assets/plugins/datatables.net-fixedcolumns-bs5/js/fixedColumns.bootstrap5.min.js]
[seantheme.com/hud/page_data_management.html]
[seantheme.com/hud/assets/js/demo/page-data-management.demo.js]
[seantheme.com/hud/documentation/assets/bootstrap/css/bootstrap.css]
[seantheme.com/hud/documentation/assets/bootstrap/css/bootstrap-responsive.css]
[seantheme.com/hud/documentation/assets/bootstrap/css/docs.css]
[seantheme.com/hud/documentation/assets/bootstrap/js/google-code-prettify/prettify.css]
[seantheme.com/hud/documentation/assets/images/logo.png]
[seantheme.com/hud/index-2.html]
[seantheme.com/hud/documentation/index-2.html]
[seantheme.com/hud/documentation/change_log.html]
[seantheme.com/hud/documentation/assets/bootstrap/js/jquery.js]
[seantheme.com/hud/documentation/assets/bootstrap/js/bootstrap-transition.js]
[seantheme.com/hud/documentation/assets/bootstrap/js/bootstrap-alert.js]
[seantheme.com/hud/documentation/assets/bootstrap/js/bootstrap-modal.js]
[seantheme.com/hud/documentation/assets/bootstrap/js/bootstrap-dropdown.js]
[seantheme.com/hud/documentation/assets/bootstrap/js/bootstrap-scrollspy.js]
[seantheme.com/hud/documentation/assets/bootstrap/js/bootstrap-tab.js]
[seantheme.com/hud/documentation/assets/bootstrap/js/bootstrap-tooltip.js]
[seantheme.com/hud/documentation/assets/bootstrap/js/bootstrap-popover.js]
[seantheme.com/hud/documentation/assets/bootstrap/js/bootstrap-button.js]
[seantheme.com/hud/documentation/assets/bootstrap/js/bootstrap-collapse.js]
[seantheme.com/hud/documentation/assets/bootstrap/js/bootstrap-carousel.js]
[seantheme.com/hud/documentation/assets/bootstrap/js/bootstrap-typeahead.js]
[seantheme.com/hud/documentation/assets/bootstrap/js/bootstrap-affix.js]
[seantheme.com/hud/documentation/assets/bootstrap/js/holder/holder.js]
[seantheme.com/hud/documentation/assets/bootstrap/js/google-code-prettify/prettify.js]
[seantheme.com/hud/documentation/index.html]
[seantheme.com/hud/assets/css/images/cover-6.html]
[seantheme.com/assets/img/pos/product-1.html]
[seantheme.com/assets/img/pos/product-2.html]
[seantheme.com/assets/img/pos/product-3.html]
[seantheme.com/assets/img/pos/product-4.html]
[seantheme.com/assets/img/pos/product-5.html]
[seantheme.com/assets/img/pos/product-17.html]
[seantheme.com/assets/img/pos/product-6.html]
[seantheme.com/assets/img/pos/product-7.html]
[seantheme.com/assets/img/pos/product-8.html]
[seantheme.com/assets/img/pos/product-9.html]
[seantheme.com/assets/img/pos/product-10.html]
[seantheme.com/assets/img/pos/product-11.html]
[seantheme.com/assets/img/pos/product-12.html]
[seantheme.com/assets/img/pos/product-13.html]
[seantheme.com/assets/img/pos/product-15.html]
[seantheme.com/assets/img/pos/product-14.html]
[seantheme.com/assets/img/pos/product-16.html]
[seantheme.com/assets/js/demo/pos-customer-order.demo.html]
[seantheme.com/hud/assets/plugins/@fullcalendar/common/main.min.css]
[seantheme.com/hud/assets/plugins/@fullcalendar/daygrid/main.min.css]
[seantheme.com/hud/assets/plugins/@fullcalendar/timegrid/main.min.css]
[seantheme.com/hud/assets/plugins/@fullcalendar/list/main.min.css]
[seantheme.com/hud/assets/plugins/@fullcalendar/bootstrap/main.min.css]
[seantheme.com/hud/assets/plugins/lity/dist/lity.min.css]
[seantheme.com/hud/assets/plugins/bootstrap-daterangepicker/daterangepicker.css]
[seantheme.com/hud/assets/plugins/tag-it/css/jquery.tagit.css]
[seantheme.com/hud/documentation/assets/bootstrap/js/application.js]
[seantheme.com/hud/assets/plugins/summernote/dist/font/summernoted41d.eot]
[seantheme.com/hud/assets/plugins/summernote/dist/font/summernote.woff2]
[seantheme.com/hud/assets/plugins/summernote/dist/font/summernote.woff]
[seantheme.com/hud/assets/plugins/summernote/dist/summernote-lite.css]
[seantheme.com/assets/js/demo/pos-kitchen-order.demo.html]
[seantheme.com/assets/js/demo/pos-counter-checkout.demo.html]
[seantheme.com/assets/plugins/bootstrap-datepicker/dist/css/bootstrap-datepicker.html]
[seantheme.com/assets/plugins/bootstrap-datepicker/dist/css/bootstrap-datepicker3.html]
[seantheme.com/assets/plugins/bootstrap-datepicker/dist/js/bootstrap-datepicker.html]
[seantheme.com/assets/js/demo/pos-table-booking.demo.html]
[seantheme.com/assets/js/demo/pos-menu-stock.demo.html]
[seantheme.com/hud/assets/plugins/bootstrap-datepicker/dist/css/bootstrap-datepicker.min.css]
[seantheme.com/hud/assets/plugins/bootstrap-timepicker/css/bootstrap-timepicker.min.css]
[seantheme.com/hud/assets/plugins/bootstrap-slider/dist/css/bootstrap-slider.min.css]
[seantheme.com/hud/assets/plugins/blueimp-file-upload/css/jquery.fileupload.css]
[seantheme.com/hud/assets/plugins/spectrum-colorpicker2/dist/spectrum.min.css]
[seantheme.com/hud/assets/plugins/select-picker/dist/picker.min.css]
[seantheme.com/hud/assets/plugins/jquery-typeahead/dist/jquery.typeahead.min.css]
[seantheme.com/hud/assets/plugins/datatables.net-bs5/css/dataTables.bootstrap5.min.css]
[seantheme.com/hud/assets/plugins/datatables.net-buttons-bs5/css/buttons.bootstrap5.min.css]
[seantheme.com/hud/assets/plugins/datatables.net-responsive-bs5/css/responsive.bootstrap5.min.css]
[seantheme.com/hud/assets/plugins/bootstrap-table/dist/bootstrap-table.min.css]
[seantheme.com/assets/plugins/summernote/dist/summernote-lite.html]
[seantheme.com/assets/plugins/blueimp-file-upload/css/jquery.fileupload.html]
[seantheme.com/assets/plugins/tag-it/css/jquery.tagit.html]
[seantheme.com/assets/plugins/summernote/dist/summernote-lite.min.html]
[seantheme.com/assets/plugins/blueimp-file-upload/js/vendor/jquery.ui.widget.html]
[seantheme.com/assets/plugins/blueimp-tmpl/js/tmpl.min.html]
[seantheme.com/assets/plugins/blueimp-load-image/js/load-image.all.min.html]
[seantheme.com/assets/plugins/blueimp-canvas-to-blob/js/canvas-to-blob.min.html]
[seantheme.com/assets/plugins/blueimp-gallery/js/jquery.blueimp-gallery.min.html]
[seantheme.com/assets/plugins/blueimp-file-upload/js/jquery.iframe-transport.html]
[seantheme.com/assets/plugins/blueimp-file-upload/js/jquery.fileupload.html]
[seantheme.com/assets/plugins/blueimp-file-upload/js/jquery.fileupload-process.html]
[seantheme.com/assets/plugins/blueimp-file-upload/js/jquery.fileupload-image.html]
[seantheme.com/assets/plugins/blueimp-file-upload/js/jquery.fileupload-audio.html]
[seantheme.com/assets/plugins/blueimp-file-upload/js/jquery.fileupload-video.html]
[seantheme.com/assets/plugins/blueimp-file-upload/js/jquery.fileupload-validate.html]
[seantheme.com/assets/plugins/blueimp-file-upload/js/jquery.fileupload-ui.html]
[seantheme.com/assets/plugins/jquery-migrate/dist/jquery-migrate.min.html]
[seantheme.com/assets/plugins/tag-it/js/tag-it.min.html]
[seantheme.com/assets/js/demo/page-product-details.demo.html]
[seantheme.com/hud/assets/plugins/photoswipe/dist/photoswipe.css]
[seantheme.com/hud/assets/plugins/kbw-countdown/dist/css/jquery.countdown.css]
[seantheme.com/assets/img/user/user-2.html]
[seantheme.com/assets/img/user/user-3.html]
[seantheme.com/assets/img/user/user-4.html]
[seantheme.com/assets/img/user/user-5.html]
[seantheme.com/assets/img/user/user-6.html]
[seantheme.com/assets/img/user/user-7.html]
[seantheme.com/assets/img/user/user-8.html]
[seantheme.com/assets/img/user/user-9.html]
[seantheme.com/assets/img/user/user-10.html]
[seantheme.com/assets/img/user/user-1.html]
[seantheme.com/hud/assets/plugins/datatables.net-fixedcolumns-bs5/css/fixedColumns.bootstrap5.min.css]
[seantheme.com/hud/assets/plugins/summernote/dist/font/summernote.ttf]
[seantheme.com/hud/documentation/assets/bootstrap/img/glyphicons-halflings.png]
[seantheme.com/hud/documentation/assets/bootstrap/img/glyphicons-halflings-white.png]
[seantheme.com/hud/documentation/assets/bootstrap/css/bootstrap.css]
[seantheme.com/hud/documentation/assets/bootstrap/css/bootstrap-responsive.css]
[seantheme.com/hud/documentation/assets/images/cover.jpg]
[seantheme.com/hud/documentation/assets/bootstrap/css/docs.css]
[seantheme.com/hud/documentation/assets/bootstrap/js/google-code-prettify/prettify.css]
[seantheme.com/hud/index-2.html]
[seantheme.com/hud/documentation/index-2.html]
[seantheme.com/hud/documentation/change_log.html]
