[templates.envytheme.com/sinmun/default/index-7.html]
[templates.envytheme.com/sinmun/default/assets/css/bootstrap.min.css]
[templates.envytheme.com/sinmun/default/assets/css/animate.min.css]
[templates.envytheme.com/sinmun/default/assets/css/icofont.min.css]
[templates.envytheme.com/sinmun/default/assets/css/meanmenu.css]
[templates.envytheme.com/sinmun/default/assets/css/owl.carousel.min.css]
[templates.envytheme.com/sinmun/default/assets/css/magnific-popup.min.css]
[templates.envytheme.com/sinmun/default/assets/css/style.css]
[templates.envytheme.com/sinmun/default/assets/css/dark.css]
[backblue.gif]
[fade.gif]
[index.html]
[templates.envytheme.com/sinmun/default/assets/css/responsive.css]
[templates.envytheme.com/sinmun/default/assets/img/favicon.png]
[templates.envytheme.com/sinmun/default/assets/img/logo.png]
[templates.envytheme.com/sinmun/default/index.html]
[templates.envytheme.com/sinmun/default/index-2.html]
[templates.envytheme.com/sinmun/default/index-3.html]
[templates.envytheme.com/sinmun/default/index-4.html]
[templates.envytheme.com/sinmun/default/index-5.html]
[templates.envytheme.com/sinmun/default/index-6.html]
[templates.envytheme.com/sinmun/default/post-category-2.html]
[templates.envytheme.com/sinmun/default/post-category-1.html]
[templates.envytheme.com/sinmun/default/post-category-5.html]
[templates.envytheme.com/sinmun/default/post-category-3.html]
[templates.envytheme.com/sinmun/default/post-category-4.html]
[templates.envytheme.com/sinmun/default/post-category-6.html]
[templates.envytheme.com/sinmun/default/single-post-1.html]
[templates.envytheme.com/sinmun/default/single-post-2.html]
[templates.envytheme.com/sinmun/default/single-post-3.html]
[templates.envytheme.com/sinmun/default/single-post-4.html]
[templates.envytheme.com/sinmun/default/gallery-1.html]
[templates.envytheme.com/sinmun/default/gallery-2.html]
[templates.envytheme.com/sinmun/default/author.html]
[templates.envytheme.com/sinmun/default/contact.html]
[templates.envytheme.com/sinmun/default/login.html]
[templates.envytheme.com/sinmun/default/signup.html]
[templates.envytheme.com/sinmun/default/404-error.html]
[templates.envytheme.com/sinmun/default/coming-soon.html]
[templates.envytheme.com/sinmun/default/assets/img/blog-home-image/5.jpg]
[templates.envytheme.com/sinmun/default/assets/img/blog-home-image/6.jpg]
[templates.envytheme.com/sinmun/default/assets/img/blog-home-image/7.jpg]
[templates.envytheme.com/sinmun/default/assets/img/blog-home-image/3.jpg]
[templates.envytheme.com/sinmun/default/assets/img/blogger.jpg]
[templates.envytheme.com/sinmun/default/assets/img/9.jpg]
[templates.envytheme.com/sinmun/default/assets/img/10.jpg]
[templates.envytheme.com/sinmun/default/assets/img/11.jpg]
[templates.envytheme.com/sinmun/default/assets/img/12.jpg]
[templates.envytheme.com/sinmun/default/assets/img/13.jpg]
[templates.envytheme.com/sinmun/default/assets/img/14.jpg]
[templates.envytheme.com/sinmun/default/assets/img/15.jpg]
[templates.envytheme.com/sinmun/default/assets/img/16.jpg]
[templates.envytheme.com/sinmun/default/assets/img/17.jpg]
[templates.envytheme.com/sinmun/default/assets/img/small-2.jpg]
[templates.envytheme.com/sinmun/default/assets/img/small-4.jpg]
[templates.envytheme.com/sinmun/default/assets/img/small-3.jpg]
[templates.envytheme.com/cdn-cgi/scripts/5c5dd728/cloudflare-static/email-decode.min.js]
[templates.envytheme.com/sinmun/default/assets/js/jquery.min.js]
[templates.envytheme.com/sinmun/default/assets/js/bootstrap.bundle.min.js]
[templates.envytheme.com/sinmun/default/assets/js/jquery.meanmenu.js]
[templates.envytheme.com/sinmun/default/assets/js/mixitup.min.js]
[templates.envytheme.com/sinmun/default/assets/js/owl.carousel.min.js]
[templates.envytheme.com/sinmun/default/assets/js/jquery.magnific-popup.min.js]
[templates.envytheme.com/sinmun/default/assets/js/form-validator.min.js]
[templates.envytheme.com/sinmun/default/assets/js/contact-form-script.js]
[templates.envytheme.com/sinmun/default/assets/js/jquery.ajaxchimp.min.js]
[templates.envytheme.com/sinmun/default/index-7.html]
[templates.envytheme.com/sinmun/default/assets/css/bootstrap.min.css]
[templates.envytheme.com/sinmun/default/assets/css/animate.min.css]
[templates.envytheme.com/sinmun/default/assets/js/main.js]
[templates.envytheme.com/sinmun/default/assets/fonts/icofont.woff2]
[templates.envytheme.com/sinmun/default/assets/css/icofont.min.css]
[templates.envytheme.com/sinmun/default/assets/css/meanmenu.css]
[templates.envytheme.com/sinmun/default/assets/fonts/icofont.woff]
[templates.envytheme.com/sinmun/default/assets/css/owl.video.play.png]
[templates.envytheme.com/sinmun/default/assets/css/owl.carousel.min.css]
[templates.envytheme.com/sinmun/default/assets/css/magnific-popup.min.css]
[templates.envytheme.com/sinmun/default/assets/img/18.jpg]
[templates.envytheme.com/sinmun/default/assets/img/19.jpg]
[templates.envytheme.com/sinmun/default/assets/img/20.jpg]
[templates.envytheme.com/sinmun/default/assets/img/21.jpg]
[templates.envytheme.com/sinmun/default/assets/img/22.jpg]
[templates.envytheme.com/sinmun/default/assets/img/coming-soon.jpg]
[templates.envytheme.com/sinmun/default/assets/img/oops-bg.jpg]
[templates.envytheme.com/sinmun/default/assets/css/style.css]
[templates.envytheme.com/sinmun/default/assets/css/dark.css]
[templates.envytheme.com/sinmun/default/assets/css/responsive.css]
[templates.envytheme.com/sinmun/default/assets/img/1.jpg]
[templates.envytheme.com/sinmun/default/assets/img/2.jpg]
[templates.envytheme.com/sinmun/default/assets/img/3.jpg]
[templates.envytheme.com/sinmun/default/assets/img/1-ads.png]
[templates.envytheme.com/sinmun/default/assets/img/4.jpg]
[templates.envytheme.com/sinmun/default/assets/img/5.jpg]
[templates.envytheme.com/sinmun/default/assets/img/video-1.jpg]
[templates.envytheme.com/sinmun/default/assets/img/video-2.jpg]
[templates.envytheme.com/sinmun/default/assets/img/video-3.jpg]
[templates.envytheme.com/sinmun/default/assets/img/2-ads.png]
[templates.envytheme.com/sinmun/default/assets/img/6.jpg]
[templates.envytheme.com/sinmun/default/assets/img/7.jpg]
[templates.envytheme.com/sinmun/default/assets/img/8.jpg]
[templates.envytheme.com/sinmun/default/assets/img/small-1.jpg]
[templates.envytheme.com/sinmun/default/assets/img/3-ads.png]
[templates.envytheme.com/sinmun/default/assets/img/4-ads.png]
[templates.envytheme.com/sinmun/default/assets/img/5-ads.png]
[templates.envytheme.com/sinmun/default/assets/img/gallery-news1.jpg]
[templates.envytheme.com/sinmun/default/index.html]
[templates.envytheme.com/sinmun/default/assets/img/6-ads.png]
[templates.envytheme.com/sinmun/default/index-2.html]
[templates.envytheme.com/sinmun/default/index-3.html]
[templates.envytheme.com/sinmun/default/assets/img/slides1.jpg]
[templates.envytheme.com/sinmun/default/assets/img/slides2.jpg]
[templates.envytheme.com/sinmun/default/assets/img/slides3.jpg]
[templates.envytheme.com/sinmun/default/index-4.html]
[templates.envytheme.com/sinmun/default/index-5.html]
[templates.envytheme.com/sinmun/default/assets/img/blog-home-image/1.jpg]
[templates.envytheme.com/sinmun/default/assets/img/blog-home-image/2.jpg]
[templates.envytheme.com/sinmun/default/index-6.html]
[templates.envytheme.com/sinmun/default/assets/img/blog-home-image/4.jpg]
[templates.envytheme.com/sinmun/default/post-category-2.html]
[templates.envytheme.com/sinmun/default/post-category-1.html]
[templates.envytheme.com/sinmun/default/post-category-5.html]
[templates.envytheme.com/sinmun/default/post-category-3.html]
[templates.envytheme.com/sinmun/default/post-category-4.html]
[templates.envytheme.com/sinmun/default/post-category-6.html]
[templates.envytheme.com/sinmun/default/assets/img/author1.jpg]
[templates.envytheme.com/sinmun/default/single-post-1.html]
[templates.envytheme.com/sinmun/default/single-post-2.html]
[templates.envytheme.com/sinmun/default/single-post-3.html]
[templates.envytheme.com/sinmun/default/single-post-4.html]
[templates.envytheme.com/sinmun/default/assets/img/gallery-image/1.jpg]
[templates.envytheme.com/sinmun/default/assets/img/gallery-image/2.jpg]
[templates.envytheme.com/sinmun/default/assets/img/gallery-image/3.jpg]
[templates.envytheme.com/sinmun/default/assets/img/gallery-image/4.jpg]
[templates.envytheme.com/sinmun/default/assets/img/gallery-image/5.jpg]
[templates.envytheme.com/sinmun/default/assets/img/gallery-image/6.jpg]
[templates.envytheme.com/sinmun/default/assets/img/gallery-image/7.jpg]
[templates.envytheme.com/sinmun/default/assets/img/gallery-image/8.jpg]
[templates.envytheme.com/sinmun/default/assets/img/gallery-image/9.jpg]
[templates.envytheme.com/sinmun/default/gallery-1.html]
[templates.envytheme.com/sinmun/default/gallery-2.html]
[templates.envytheme.com/sinmun/default/author.html]
[templates.envytheme.com/sinmun/default/contact.html]
[templates.envytheme.com/sinmun/default/login.html]
[templates.envytheme.com/sinmun/default/signup.html]
[templates.envytheme.com/sinmun/default/404-error.html]
[templates.envytheme.com/sinmun/default/coming-soon.html]
[templates.envytheme.com/sinmun/default/assets/css/owl.video.play.html]
